This is SBCL 2.6.0, an implementation of ANSI Common Lisp.
More information about SBCL is available at <http://www.sbcl.org/>.

SBCL is free software, provided as is, with absolutely no warranty.
It is mostly in the public domain; some portions are provided under
BSD-style licenses.  See the CREDITS and COPYING files in the
distribution for more information.
To load "bordeaux-threads":
  Load 1 ASDF system:
    bordeaux-threads
; Loading "bordeaux-threads"

To load "usocket":
  Load 1 ASDF system:
    usocket
; Loading "usocket"

To load "cl-json":
  Load 1 ASDF system:
    cl-json
; Loading "cl-json"

To load "flexi-streams":
  Load 1 ASDF system:
    flexi-streams
; Loading "flexi-streams"

To load "fiveam":
  Load 1 ASDF system:
    fiveam
; Loading "fiveam"

To load "closer-mop":
  Load 1 ASDF system:
    closer-mop
; Loading "closer-mop"

To load "cl-ppcre":
  Load 1 ASDF system:
    cl-ppcre
; Loading "cl-ppcre"
..
WARNING: System definition file #P"C:/Users/frank/Projects/FOL/fol/src/fol-compiler.asd" contains definition for system "fol-extension-server". Please only define "fol-compiler" and secondary systems with a name starting with "fol-compiler/" (e.g. "fol-compiler/test") in that file.
WARNING: redefining IRONCLAD:BLOCK-LENGTH in DEFGENERIC
Loading LSim...
; in: REGISTER-PRIMITIVE 'NOT
;     (LAMBDA (LSIM::NAME LSIM::PARAM LSIM::CONNS)
;       (FOL.COMPILER.PRIMITIVES:MAKE 'LSIM:<LOGIC-COMPONENT> :NAME LSIM::NAME
;                                     :TYPE
;                                     'FOL.COMPILER.LOGICAL-OPERATION-FUNCTIONS:NOT
;                                     :CONNECTIONS LSIM::CONNS :INPUTS
;                                     (FOL.COMPILER.COLLECTION-FUNCTIONS:SET :IN)
;                                     :OUTPUTS
;                                     (FOL.COMPILER.COLLECTION-FUNCTIONS:SET :OUT)
;                                     ...))
; 
; caught STYLE-WARNING:
;   The variable PARAM is defined but never used.
; 
; compilation unit finished
;   caught 1 STYLE-WARNING condition
; in: REGISTER-PRIMITIVE 'NAND
;     (LAMBDA (LSIM::NAME LSIM::PARAM LSIM::CONNS)
;       (FOL.COMPILER.PRIMITIVES:MAKE 'LSIM:<LOGIC-COMPONENT> :NAME LSIM::NAME
;                                     :TYPE
;                                     'FOL.COMPILER.LOGICAL-OPERATION-FUNCTIONS:NAND
;                                     :CONNECTIONS LSIM::CONNS :INPUTS
;                                     (FOL.COMPILER.COLLECTION-FUNCTIONS:SET :IN1
;                                                                            :IN2)
;                                     :OUTPUTS
;                                     (FOL.COMPILER.COLLECTION-FUNCTIONS:SET :OUT)
;                                     ...))
; 
; caught STYLE-WARNING:
;   The variable PARAM is defined but never used.
; 
; compilation unit finished
;   caught 1 STYLE-WARNING condition
; in: REGISTER-PRIMITIVE 'NOR
;     (LAMBDA (LSIM::NAME LSIM::PARAM LSIM::CONNS)
;       (FOL.COMPILER.PRIMITIVES:MAKE 'LSIM:<LOGIC-COMPONENT> :NAME LSIM::NAME
;                                     :TYPE
;                                     'FOL.COMPILER.LOGICAL-OPERATION-FUNCTIONS:NOR
;                                     :CONNECTIONS LSIM::CONNS :INPUTS
;                                     (FOL.COMPILER.COLLECTION-FUNCTIONS:SET :IN1
;                                                                            :IN2)
;                                     :OUTPUTS
;                                     (FOL.COMPILER.COLLECTION-FUNCTIONS:SET :OUT)
;                                     ...))
; 
; caught STYLE-WARNING:
;   The variable PARAM is defined but never used.
; 
; compilation unit finished
;   caught 1 STYLE-WARNING condition
; in: REGISTER-PRIMITIVE 'AND
;     (LAMBDA (LSIM::NAME LSIM::PARAM LSIM::CONNS)
;       (FOL.COMPILER.PRIMITIVES:MAKE 'LSIM:<LOGIC-COMPONENT> :NAME LSIM::NAME
;                                     :TYPE
;                                     'FOL.COMPILER.LOGICAL-OPERATION-FUNCTIONS:AND
;                                     :CONNECTIONS LSIM::CONNS :INPUTS
;                                     (FOL.COMPILER.COLLECTION-FUNCTIONS:SET :IN1
;                                                                            :IN2)
;                                     :OUTPUTS
;                                     (FOL.COMPILER.COLLECTION-FUNCTIONS:SET :OUT)
;                                     ...))
; 
; caught STYLE-WARNING:
;   The variable PARAM is defined but never used.
; 
; compilation unit finished
;   caught 1 STYLE-WARNING condition
; in: REGISTER-PRIMITIVE 'OR
;     (LAMBDA (LSIM::NAME LSIM::PARAM LSIM::CONNS)
;       (FOL.COMPILER.PRIMITIVES:MAKE 'LSIM:<LOGIC-COMPONENT> :NAME LSIM::NAME
;                                     :TYPE
;                                     'FOL.COMPILER.LOGICAL-OPERATION-FUNCTIONS:OR
;                                     :CONNECTIONS LSIM::CONNS :INPUTS
;                                     (FOL.COMPILER.COLLECTION-FUNCTIONS:SET :IN1
;                                                                            :IN2)
;                                     :OUTPUTS
;                                     (FOL.COMPILER.COLLECTION-FUNCTIONS:SET :OUT)
;                                     ...))
; 
; caught STYLE-WARNING:
;   The variable PARAM is defined but never used.
; 
; compilation unit finished
;   caught 1 STYLE-WARNING condition
; in: REGISTER-PRIMITIVE 'XOR
;     (LAMBDA (LSIM::NAME LSIM::PARAM LSIM::CONNS)
;       (FOL.COMPILER.PRIMITIVES:MAKE 'LSIM:<LOGIC-COMPONENT> :NAME LSIM::NAME
;                                     :TYPE
;                                     'FOL.COMPILER.LOGICAL-OPERATION-FUNCTIONS:XOR
;                                     :CONNECTIONS LSIM::CONNS :INPUTS
;                                     (FOL.COMPILER.COLLECTION-FUNCTIONS:SET :IN1
;                                                                            :IN2)
;                                     :OUTPUTS
;                                     (FOL.COMPILER.COLLECTION-FUNCTIONS:SET :OUT)
;                                     ...))
; 
; caught STYLE-WARNING:
;   The variable PARAM is defined but never used.
; 
; compilation unit finished
;   caught 1 STYLE-WARNING condition
; in: REGISTER-PRIMITIVE 'XNOR
;     (LAMBDA (LSIM::NAME LSIM::PARAM LSIM::CONNS)
;       (FOL.COMPILER.PRIMITIVES:MAKE 'LSIM:<LOGIC-COMPONENT> :NAME LSIM::NAME
;                                     :TYPE 'LSIM::XNOR :CONNECTIONS LSIM::CONNS
;                                     :INPUTS
;                                     (FOL.COMPILER.COLLECTION-FUNCTIONS:SET :IN1
;                                                                            :IN2)
;                                     :OUTPUTS
;                                     (FOL.COMPILER.COLLECTION-FUNCTIONS:SET :OUT)
;                                     ...))
; 
; caught STYLE-WARNING:
;   The variable PARAM is defined but never used.
; 
; compilation unit finished
;   caught 1 STYLE-WARNING condition
Loading 8x32x32-9000.fol...
WARNING: LSIM also exports the following symbols:
  (RUN-SIMULATION GET-PRIMITIVE EVENTS RUNLSIM REGISTER-MODULE <MODULE-DEF>
                  EXPAND-NETLIST GET-MODULE <COMPONENT> COMPUTE-NEXT-STATE
                  EXPAND-SPEC <LOGIC-COMPONENT> DEFPART REGISTER-PRIMITIVE
                  MONITOR ADDEVENTS DISPLAYLSIM *GATE-EVALS*)
See also:
  The ANSI Standard, Macro DEFPACKAGE
  The SBCL Manual, Variable SB-EXT:*ON-PACKAGE-VARIANCE*
Running simulation...
Done.
