This is pdfTeX, Version 3.141592653-2.6-1.40.28 (MiKTeX 25.12) (preloaded format=pdflatex.fmt)
 restricted \write18 enabled.
entering extended mode
(caching2.tex
LaTeX2e <2025-11-01>
L3 programming layer <2025-12-24>
(C:\Users\frank\AppData\Local\Programs\MiKTeX\tex/latex/acmart\acmart.cls
Document Class: acmart 2025/08/27 v2.16 Typesetting articles for the Associatio
n for Computing Machinery
(C:\Users\frank\AppData\Local\Programs\MiKTeX\tex/latex/xkeyval\xkeyval.sty
(C:\Users\frank\AppData\Local\Programs\MiKTeX\tex/generic/xkeyval\xkeyval.tex
(C:\Users\frank\AppData\Local\Programs\MiKTeX\tex/generic/xkeyval\xkvutils.tex
(C:\Users\frank\AppData\Local\Programs\MiKTeX\tex/generic/xkeyval\keyval.tex)))
) (C:\Users\frank\AppData\Local\Programs\MiKTeX\tex/latex/xstring\xstring.sty
(C:\Users\frank\AppData\Local\Programs\MiKTeX\tex/generic/xstring\xstring.tex))
 (C:\Users\frank\AppData\Local\Programs\MiKTeX\tex/generic/iftex\iftex.sty)
(C:\Users\frank\AppData\Local\Programs\MiKTeX\tex/latex/amscls\amsart.cls
Document Class: amsart 2020/05/29 v2.20.6
(C:\Users\frank\AppData\Local\Programs\MiKTeX\tex/latex/amsmath\amsmath.sty
For additional information on amsmath, use the `?' option.
(C:\Users\frank\AppData\Local\Programs\MiKTeX\tex/latex/amsmath\amstext.sty
(C:\Users\frank\AppData\Local\Programs\MiKTeX\tex/latex/amsmath\amsgen.sty))
(C:\Users\frank\AppData\Local\Programs\MiKTeX\tex/latex/amsmath\amsbsy.sty)
(C:\Users\frank\AppData\Local\Programs\MiKTeX\tex/latex/amsmath\amsopn.sty))
(C:\Users\frank\AppData\Local\Programs\MiKTeX\tex/latex/amsfonts\umsa.fd)
(C:\Users\frank\AppData\Local\Programs\MiKTeX\tex/latex/amsfonts\amsfonts.sty))

(C:\Users\frank\AppData\Local\Programs\MiKTeX\tex/latex/microtype\microtype.sty
(C:\Users\frank\AppData\Local\Programs\MiKTeX\tex/latex/etoolbox\etoolbox.sty)
(C:\Users\frank\AppData\Local\Programs\MiKTeX\tex/latex/microtype\microtype-pdf
tex.def)
(C:\Users\frank\AppData\Local\Programs\MiKTeX\tex/latex/microtype\microtype.cfg
))
(C:\Users\frank\AppData\Local\Programs\MiKTeX\tex/latex/booktabs\booktabs.sty)
(C:\Users\frank\AppData\Local\Programs\MiKTeX\tex/latex/refcount\refcount.sty
(C:\Users\frank\AppData\Local\Programs\MiKTeX\tex/generic/ltxcmds\ltxcmds.sty)
(C:\Users\frank\AppData\Local\Programs\MiKTeX\tex/generic/infwarerr\infwarerr.s
ty))
(C:\Users\frank\AppData\Local\Programs\MiKTeX\tex/latex/totpages\totpages.sty
(C:\Users\frank\AppData\Local\Programs\MiKTeX\tex/latex/everyshi\everyshi.sty))
 (C:\Users\frank\AppData\Local\Programs\MiKTeX\tex/latex/environ\environ.sty
(C:\Users\frank\AppData\Local\Programs\MiKTeX\tex/latex/trimspaces\trimspaces.s
ty)) (C:\Users\frank\AppData\Local\Programs\MiKTeX\tex/latex/natbib\natbib.sty)
 (C:\Users\frank\AppData\Local\Programs\MiKTeX\tex/latex/hyperref\hyperref.sty
(C:\Users\frank\AppData\Local\Programs\MiKTeX\tex/latex/kvsetkeys\kvsetkeys.sty
)
(C:\Users\frank\AppData\Local\Programs\MiKTeX\tex/generic/kvdefinekeys\kvdefine
keys.sty)
(C:\Users\frank\AppData\Local\Programs\MiKTeX\tex/generic/pdfescape\pdfescape.s
ty
(C:\Users\frank\AppData\Local\Programs\MiKTeX\tex/generic/pdftexcmds\pdftexcmds
.sty))
(C:\Users\frank\AppData\Local\Programs\MiKTeX\tex/latex/hycolor\hycolor.sty)
(C:\Users\frank\AppData\Local\Programs\MiKTeX\tex/latex/hyperref\nameref.sty
(C:\Users\frank\AppData\Local\Programs\MiKTeX\tex/generic/gettitlestring\gettit
lestring.sty
(C:\Users\frank\AppData\Local\Programs\MiKTeX\tex/latex/kvoptions\kvoptions.sty
)))
(C:\Users\frank\AppData\Local\Programs\MiKTeX\tex/generic/stringenc\stringenc.s
ty) (C:\Users\frank\AppData\Local\Programs\MiKTeX\tex/latex/hyperref\pd1enc.def
) (C:\Users\frank\AppData\Local\Programs\MiKTeX\tex/generic/intcalc\intcalc.sty
) (C:\Users\frank\AppData\Local\Programs\MiKTeX\tex/latex/hyperref\puenc.def)
(C:\Users\frank\AppData\Local\Programs\MiKTeX\tex/latex/url\url.sty)
(C:\Users\frank\AppData\Local\Programs\MiKTeX\tex/generic/bitset\bitset.sty
(C:\Users\frank\AppData\Local\Programs\MiKTeX\tex/generic/bigintcalc\bigintcalc
.sty)))
(C:\Users\frank\AppData\Local\Programs\MiKTeX\tex/latex/hyperref\hpdftex.def
(C:\Users\frank\AppData\Local\Programs\MiKTeX\tex/latex/rerunfilecheck\rerunfil
echeck.sty
(C:\Users\frank\AppData\Local\Programs\MiKTeX\tex/generic/uniquecounter\uniquec
ounter.sty)))
(C:\Users\frank\AppData\Local\Programs\MiKTeX\tex/latex/hyperxmp\hyperxmp.sty
(C:\Users\frank\AppData\Local\Programs\MiKTeX\tex/latex/ifmtarg\ifmtarg.sty)
(C:\Users\frank\AppData\Local\Programs\MiKTeX\tex/latex/base\ifthen.sty)
(C:\Users\frank\AppData\Local\Programs\MiKTeX\tex/latex/oberdiek\ifdraft.sty)
(C:\Users\frank\AppData\Local\Programs\MiKTeX\tex/generic/iftex\ifluatex.sty))
(C:\Users\frank\AppData\Local\Programs\MiKTeX\tex/latex/graphics\graphicx.sty
(C:\Users\frank\AppData\Local\Programs\MiKTeX\tex/latex/graphics\graphics.sty
(C:\Users\frank\AppData\Local\Programs\MiKTeX\tex/latex/graphics\trig.sty)
(C:\Users\frank\AppData\Local\Programs\MiKTeX\tex/latex/graphics-cfg\graphics.c
fg)
(C:\Users\frank\AppData\Local\Programs\MiKTeX\tex/latex/graphics-def\pdftex.def
))) (C:\Users\frank\AppData\Local\Programs\MiKTeX\tex/latex/xcolor\xcolor.sty
(C:\Users\frank\AppData\Local\Programs\MiKTeX\tex/latex/graphics-cfg\color.cfg)
(C:\Users\frank\AppData\Local\Programs\MiKTeX\tex/latex/graphics\mathcolor.ltx)
) (C:\Users\frank\AppData\Local\Programs\MiKTeX\tex/latex/geometry\geometry.sty
(C:\Users\frank\AppData\Local\Programs\MiKTeX\tex/generic/iftex\ifvtex.sty)
(C:\Users\frank\AppData\Local\Programs\MiKTeX\tex/latex/geometry\geometry.cfg))
(C:\Users\frank\AppData\Local\Programs\MiKTeX\tex/latex/ncctools\manyfoot.sty
(C:\Users\frank\AppData\Local\Programs\MiKTeX\tex/latex/ncctools\nccfoots.sty))

(C:\Users\frank\AppData\Local\Programs\MiKTeX\tex/generic/pdftex\glyphtounicode
.tex) (C:\Users\frank\AppData\Local\Programs\MiKTeX\tex/latex/cmap\cmap.sty)
(C:\Users\frank\AppData\Local\Programs\MiKTeX\tex/latex/base\fontenc.sty<<t1.cm
ap>>)
(C:\Users\frank\AppData\Local\Programs\MiKTeX\tex/latex/libertine\libertine.sty
(C:\Users\frank\AppData\Local\Programs\MiKTeX\tex/generic/iftex\ifxetex.sty)
(C:\Users\frank\AppData\Local\Programs\MiKTeX\tex/latex/base\textcomp.sty)
(C:\Users\frank\AppData\Local\Programs\MiKTeX\tex/latex/base\fontenc.sty)
(C:\Users\frank\AppData\Local\Programs\MiKTeX\tex/latex/fontaxes\fontaxes.sty
(C:\Users\frank\AppData\Local\Programs\MiKTeX\tex/latex/figureversions\figureve
rsions.sty))
(C:\Users\frank\AppData\Local\Programs\MiKTeX\tex/latex/libertine\LinLibertine_
I.tex))
(C:\Users\frank\AppData\Local\Programs\MiKTeX\tex/latex/inconsolata\zi4.sty
`inconsolata-zi4' v1.12, 2019/05/17 Text macros for Inconsolata (msharpe))
(C:\Users\frank\AppData\Local\Programs\MiKTeX\tex/latex/newtx\newtxmath.sty
`newtxmath' v1.754, 2024/09/22 Math macros based originally on txfonts (msharpe
)
(C:\Users\frank\AppData\Local\Programs\MiKTeX\tex/latex/oberdiek\centernot.sty)
(C:\Users\frank\AppData\Local\Programs\MiKTeX\tex/generic/binhex\binhex.tex)
amsthm NOT loaded
) (C:\Users\frank\AppData\Local\Programs\MiKTeX\tex/latex/caption\caption.sty
(C:\Users\frank\AppData\Local\Programs\MiKTeX\tex/latex/caption\caption3.sty
(C:\Users\frank\AppData\Local\Programs\MiKTeX\tex/latex/caption\caption-ams-smf
.sto))) (C:\Users\frank\AppData\Local\Programs\MiKTeX\tex/latex/float\float.sty
) (C:\Users\frank\AppData\Local\Programs\MiKTeX\tex/latex/comment\comment.sty
Excluding comment 'comment') Excluding comment 'CCSXML'
(C:\Users\frank\AppData\Local\Programs\MiKTeX\tex/latex/fancyhdr\fancyhdr.sty)
Special comment 'acks'
(C:\Users\frank\AppData\Local\Programs\MiKTeX\tex/latex/libertine\t1linuxlibert
inet-tlf.fd))
(C:\Users\frank\AppData\Local\Programs\MiKTeX\tex/latex/listings\listings.sty
(C:\Users\frank\AppData\Local\Programs\MiKTeX\tex/latex/listings\lstpatch.sty)
(C:\Users\frank\AppData\Local\Programs\MiKTeX\tex/latex/listings\lstmisc.sty)
(C:\Users\frank\AppData\Local\Programs\MiKTeX\tex/latex/listings\listings.cfg))
==> First Aid for listings.sty no longer applied!
    Expected:
        2024/09/23 1.10c (Carsten Heinz)
    but found:
        2025/11/14 1.11b (Carsten Heinz)
    so I'm assuming it got fixed.
(C:\Users\frank\AppData\Local\Programs\MiKTeX\tex/latex/placeins\placeins.sty)
Include comment 'screenonly' Excluding comment 'printonly'
Include comment 'anonsuppress'
(C:\Users\frank\AppData\Local\Programs\MiKTeX\tex/latex/l3backend\l3backend-pdf
tex.def) (caching2.aux)
(C:\Users\frank\AppData\Local\Programs\MiKTeX\tex/latex/newtx\omlnxlmi.fd)
(C:\Users\frank\AppData\Local\Programs\MiKTeX\tex/latex/newtx\untxexa.fd)
(C:\Users\frank\AppData\Local\Programs\MiKTeX\tex/latex/newtx\lmsntxsy.fd)
(C:\Users\frank\AppData\Local\Programs\MiKTeX\tex/latex/newtx\lmxntxexx.fd)
(C:\Users\frank\AppData\Local\Programs\MiKTeX\tex/latex/libertine\ot1linuxliber
tinet-tlf.fd)<<ot1.cmap>><<oml.cmap>>
(C:\Users\frank\AppData\Local\Programs\MiKTeX\tex/latex/amsfonts\umsa.fd)
(C:\Users\frank\AppData\Local\Programs\MiKTeX\tex/latex/amsfonts\umsb.fd)
(C:\Users\frank\AppData\Local\Programs\MiKTeX\tex/latex/newtx\untxmia.fd)
(C:\Users\frank\AppData\Local\Programs\MiKTeX\tex/latex/newtx\untxsym.fd)
(C:\Users\frank\AppData\Local\Programs\MiKTeX\tex/latex/newtx\untxsyc.fd)
(caching2.out) (caching2.out)
(C:\Users\frank\AppData\Local\Programs\MiKTeX\tex/context/base/mkii\supp-pdf.mk
ii
[Loading MPS to PDF converter (version 2006.09.02).]
)
(C:\Users\frank\AppData\Local\Programs\MiKTeX\tex/latex/epstopdf-pkg\epstopdf-b
ase.sty
(C:\Users\frank\AppData\Local\Programs\MiKTeX\tex/latex/00miktex\epstopdf-sys.c
fg))
*geometry* driver: auto-detecting
*geometry* detected driver: pdftex
(C:\Users\frank\AppData\Local\Programs\MiKTeX\tex/latex/upquote\upquote.sty)
Excluding 'CCSXML' comment.
(C:\Users\frank\AppData\Local\Programs\MiKTeX\tex/latex/libertine\t1linuxbiolin
umt-tlf.fd)
(C:\Users\frank\AppData\Local\Programs\MiKTeX\tex/latex/libertine\ts1linuxliber
tinet-tlf.fd)
(C:\Users\frank\AppData\Local\Programs\MiKTeX\tex/latex/microtype\mt-msa.cfg)
(C:\Users\frank\AppData\Local\Programs\MiKTeX\tex/latex/microtype\mt-msb.cfg)
[1.1{C:/Users/frank/AppData/Local/MiKTeX/fonts/map/pdftex/pdftex.map}{C:/Users/
frank/AppData/Local/Programs/MiKTeX/fonts/enc/dvips/libertine/lbtn_76gpa5.enc}{
C:/Users/frank/AppData/Local/Programs/MiKTeX/fonts/enc/dvips/libertine/lbtn_25t
csq.enc}{C:/Users/frank/AppData/Local/Programs/MiKTeX/fonts/enc/dvips/libertine
/lbtn_naooyc.enc}{C:/Users/frank/AppData/Local/Programs/MiKTeX/fonts/enc/dvips/
libertine/lbtn_nh77jq.enc}{C:/Users/frank/AppData/Local/Programs/MiKTeX/fonts/e
nc/dvips/libertine/lbtn_7grukw.enc}] [2.2]
Overfull \hbox (2.1422pt too wide) in paragraph at lines 208--211
[]\T1/LinuxLibertineT-TLF/b/n/10 (-20) Deliberate se-man-tic rich-ness\T1/Linux
LibertineT-TLF/m/n/10 (-20) : A lan-guage pri-or-i-tiz-ing re-flec-tion, in-tro
-spec-tion, or metapro-

Underfull \vbox (badness 10000) has occurred while \output is active [3.3{C:/Us
ers/frank/AppData/Local/Programs/MiKTeX/fonts/enc/dvips/libertine/lbtn_oexx6f.e
nc}]
Underfull \vbox (badness 2698) has occurred while \output is active [4.4]

LaTeX Warning: `!h' float specifier changed to `!ht'.


Underfull \vbox (badness 1237) has occurred while \output is active [5.5]

LaTeX Warning: `!h' float specifier changed to `!ht'.

[6.6]

LaTeX Warning: `!h' float specifier changed to `!ht'.

[7.7] [8.8]

LaTeX Warning: `!h' float specifier changed to `!ht'.

[9.9] [10.10] [11.11{C:/Users/frank/AppData/Local/Programs/MiKTeX/fonts/enc/dvi
ps/libertine/lbtn_ncsllp.enc}{C:/Users/frank/AppData/Local/Programs/MiKTeX/font
s/enc/dvips/libertine/lbtn_u7qtuy.enc}{C:/Users/frank/AppData/Local/Programs/Mi
KTeX/fonts/enc/dvips/libertine/lbtn_ki75ao.enc}]
(C:\Users\frank\AppData\Local\Programs\MiKTeX\tex/latex/libertine\ts1linuxbioli
numt-tlf.fd) [12.12{C:/Users/frank/AppData/Local/Programs/MiKTeX/fonts/enc/dvip
s/libertine/lbtn_afusau.enc}] [13.13] [14.14] [15.15] [16.16] [17.17] [18.18]
[19.19] (caching2.bbl [20.20])
(C:\Users\frank\AppData\Local\Programs\MiKTeX\tex/generic/stringenc\se-pdfdoc.d
ef)
(C:\Users\frank\AppData\Local\Programs\MiKTeX\tex/generic/stringenc\se-utf8.def
) [21.21] (caching2.aux) )
(see the transcript file for additional information)<C:/Users/frank/AppData/Loc
al/Programs/MiKTeX/fonts/type1/public/newtx/LibertineMathMI.pfb><C:/Users/frank
/AppData/Local/Programs/MiKTeX/fonts/type1/public/newtx/LibertineMathMI7.pfb><C
:/Users/frank/AppData/Local/Programs/MiKTeX/fonts/type1/public/libertine/LinBio
linumT.pfb><C:/Users/frank/AppData/Local/Programs/MiKTeX/fonts/type1/public/lib
ertine/LinBiolinumTB.pfb><C:/Users/frank/AppData/Local/Programs/MiKTeX/fonts/ty
pe1/public/libertine/LinBiolinumTI.pfb><C:/Users/frank/AppData/Local/Programs/M
iKTeX/fonts/type1/public/libertine/LinLibertineT.pfb><C:/Users/frank/AppData/Lo
cal/Programs/MiKTeX/fonts/type1/public/libertine/LinLibertineTB.pfb><C:/Users/f
rank/AppData/Local/Programs/MiKTeX/fonts/type1/public/libertine/LinLibertineTBI
.pfb><C:/Users/frank/AppData/Local/Programs/MiKTeX/fonts/type1/public/libertine
/LinLibertineTI.pfb><C:/Users/frank/AppData/Local/Programs/MiKTeX/fonts/type1/p
ublic/newtx/NewTXMI.pfb><C:/Users/frank/AppData/Local/Programs/MiKTeX/fonts/typ
e1/public/newtx/txmiaX.pfb><C:/Users/frank/AppData/Local/Programs/MiKTeX/fonts/
type1/public/newtx/txsys.pfb>
Output written on caching2.pdf (21 pages, 677385 bytes).
Transcript written on caching2.log.
