\BOOKMARK [1][-]{section*.1}{\376\377\000A\000b\000s\000t\000r\000a\000c\000t}{}% 1
\BOOKMARK [1][-]{section.1}{\376\377\0001\000\040\000I\000n\000t\000r\000o\000d\000u\000c\000t\000i\000o\000n}{}% 2
\BOOKMARK [2][-]{subsection.1.1}{\376\377\0001\000.\0001\000\040\000C\000o\000r\000e\000\040\000F\000i\000n\000d\000i\000n\000g}{section.1}% 3
\BOOKMARK [2][-]{subsection.1.2}{\376\377\0001\000.\0002\000\040\000C\000o\000n\000t\000r\000i\000b\000u\000t\000i\000o\000n\000s}{section.1}% 4
\BOOKMARK [2][-]{subsection.1.3}{\376\377\0001\000.\0003\000\040\000T\000h\000e\000o\000r\000e\000m\000\040\0001\000:\000\040\000D\000i\000s\000p\000a\000t\000c\000h\000\040\000C\000a\000c\000h\000i\000n\000g\000\040\000F\000a\000i\000l\000u\000r\000e\000\040\000i\000n\000\040\000S\000p\000e\000e\000d\000-\000O\000p\000t\000i\000m\000i\000z\000e\000d\000\040\000S\000y\000s\000t\000e\000m\000s}{section.1}% 5
\BOOKMARK [1][-]{section.2}{\376\377\0002\000\040\000B\000a\000c\000k\000g\000r\000o\000u\000n\000d}{}% 6
\BOOKMARK [2][-]{subsection.2.1}{\376\377\0002\000.\0001\000\040\000P\000o\000l\000y\000m\000o\000r\000p\000h\000i\000c\000\040\000I\000n\000l\000i\000n\000e\000\040\000C\000a\000c\000h\000i\000n\000g\000\040\000i\000n\000\040\000D\000y\000n\000a\000m\000i\000c\000\040\000L\000a\000n\000g\000u\000a\000g\000e\000s}{section.2}% 7
\BOOKMARK [2][-]{subsection.2.2}{\376\377\0002\000.\0002\000\040\000D\000e\000s\000i\000g\000n\000\040\000S\000p\000a\000c\000e\000:\000\040\000V\000i\000a\000b\000i\000l\000i\000t\000y\000\040\000C\000o\000n\000d\000i\000t\000i\000o\000n\000s}{section.2}% 8
\BOOKMARK [2][-]{subsection.2.3}{\376\377\0002\000.\0003\000\040\000T\000h\000e\000\040\000P\000r\000o\000m\000i\000s\000e\000\040\000o\000f\000\040\000O\000b\000j\000e\000c\000t\000-\000L\000e\000v\000e\000l\000\040\000C\000a\000c\000h\000i\000n\000g}{section.2}% 9
\BOOKMARK [1][-]{section.3}{\376\377\0003\000\040\000M\000e\000t\000h\000o\000d\000o\000l\000o\000g\000y}{}% 10
\BOOKMARK [1][-]{section.4}{\376\377\0004\000\040\000R\000e\000s\000u\000l\000t\000s}{}% 11
\BOOKMARK [2][-]{subsection.4.1}{\376\377\0004\000.\0001\000\040\000C\000o\000m\000p\000r\000e\000h\000e\000n\000s\000i\000v\000e\000\040\0002\0004\000-\000I\000m\000p\000l\000e\000m\000e\000n\000t\000a\000t\000i\000o\000n\000\040\000C\000o\000m\000p\000a\000r\000i\000s\000o\000n}{section.4}% 12
\BOOKMARK [2][-]{subsection.4.2}{\376\377\0004\000.\0002\000\040\000P\000a\000t\000t\000e\000r\000n\000\040\000A\000n\000a\000l\000y\000s\000i\000s\000\040\000b\000y\000\040\000D\000i\000s\000p\000a\000t\000c\000h\000\040\000C\000o\000s\000t}{section.4}% 13
\BOOKMARK [2][-]{subsection.4.3}{\376\377\0004\000.\0003\000\040\000F\000a\000i\000l\000u\000r\000e\000\040\000M\000o\000d\000e\000\040\000A\000n\000a\000l\000y\000s\000i\000s}{section.4}% 14
\BOOKMARK [2][-]{subsection.4.4}{\376\377\0004\000.\0004\000\040\000C\000a\000c\000h\000e\000\040\000H\000i\000t\000\040\000R\000a\000t\000e\000s}{section.4}% 15
\BOOKMARK [2][-]{subsection.4.5}{\376\377\0004\000.\0005\000\040\000D\000i\000s\000p\000a\000t\000c\000h\000\040\000M\000e\000c\000h\000a\000n\000i\000s\000m\000s}{section.4}% 16
\BOOKMARK [2][-]{subsection.4.6}{\376\377\0004\000.\0006\000\040\000C\000a\000s\000e\000\040\000S\000t\000u\000d\000i\000e\000s\000:\000\040\000R\000e\000a\000l\000-\000W\000o\000r\000l\000d\000\040\000F\000a\000i\000l\000u\000r\000e\000s}{section.4}% 17
\BOOKMARK [2][-]{subsection.4.7}{\376\377\0004\000.\0007\000\040\000M\000u\000l\000t\000i\000-\000T\000h\000r\000e\000a\000d\000e\000d\000\040\000S\000c\000a\000l\000i\000n\000g}{section.4}% 18
\BOOKMARK [1][-]{section.5}{\376\377\0005\000\040\000A\000n\000a\000l\000y\000s\000i\000s}{}% 19
\BOOKMARK [1][-]{section.6}{\376\377\0006\000\040\000U\000n\000i\000v\000e\000r\000s\000a\000l\000i\000t\000y}{}% 20
\BOOKMARK [1][-]{section.7}{\376\377\0007\000\040\000R\000e\000l\000a\000t\000e\000d\000\040\000W\000o\000r\000k}{}% 21
\BOOKMARK [2][-]{subsection.7.1}{\376\377\0007\000.\0001\000\040\000P\000o\000l\000y\000m\000o\000r\000p\000h\000i\000c\000\040\000I\000n\000l\000i\000n\000e\000\040\000C\000a\000c\000h\000i\000n\000g\000\040\000a\000n\000d\000\040\000M\000a\000c\000h\000i\000n\000e\000-\000C\000o\000d\000e\000\040\000S\000p\000e\000c\000i\000a\000l\000i\000z\000a\000t\000i\000o\000n}{section.7}% 22
\BOOKMARK [2][-]{subsection.7.2}{\376\377\0007\000.\0002\000\040\000A\000d\000a\000p\000t\000i\000v\000e\000\040\000O\000p\000t\000i\000m\000i\000z\000a\000t\000i\000o\000n\000\040\000a\000n\000d\000\040\000D\000i\000s\000p\000a\000t\000c\000h\000\040\000E\000f\000f\000i\000c\000i\000e\000n\000c\000y}{section.7}% 23
\BOOKMARK [2][-]{subsection.7.3}{\376\377\0007\000.\0003\000\040\000L\000a\000n\000g\000u\000a\000g\000e\000-\000S\000p\000e\000c\000i\000f\000i\000c\000\040\000D\000i\000s\000p\000a\000t\000c\000h\000\040\000C\000a\000c\000h\000i\000n\000g}{section.7}% 24
\BOOKMARK [2][-]{subsection.7.4}{\376\377\0007\000.\0004\000\040\000M\000e\000a\000s\000u\000r\000e\000m\000e\000n\000t\000\040\000M\000e\000t\000h\000o\000d\000o\000l\000o\000g\000y}{section.7}% 25
\BOOKMARK [1][-]{section.8}{\376\377\0008\000\040\000D\000i\000s\000c\000u\000s\000s\000i\000o\000n}{}% 26
\BOOKMARK [2][-]{subsection.8.1}{\376\377\0008\000.\0001\000\040\000K\000e\000y\000\040\000F\000i\000n\000d\000i\000n\000g\000s}{section.8}% 27
\BOOKMARK [2][-]{subsection.8.2}{\376\377\0008\000.\0002\000\040\000P\000r\000a\000c\000t\000i\000c\000a\000l\000\040\000G\000u\000i\000d\000a\000n\000c\000e}{section.8}% 28
\BOOKMARK [2][-]{subsection.8.3}{\376\377\0008\000.\0003\000\040\000S\000e\000l\000e\000c\000t\000i\000v\000e\000\040\000P\000r\000e\000d\000i\000c\000a\000t\000e\000\040\000C\000a\000c\000h\000i\000n\000g\000\040\000F\000r\000a\000m\000e\000w\000o\000r\000k}{section.8}% 29
\BOOKMARK [2][-]{subsection.8.4}{\376\377\0008\000.\0004\000\040\000P\000e\000r\000-\000T\000h\000r\000e\000a\000d\000\040\000a\000n\000d\000\040\000T\000y\000p\000e\000-\000B\000i\000a\000s\000e\000d\000\040\000S\000p\000e\000c\000i\000a\000l\000i\000z\000a\000t\000i\000o\000n}{section.8}% 30
\BOOKMARK [1][-]{section.9}{\376\377\0009\000\040\000L\000i\000m\000i\000t\000a\000t\000i\000o\000n\000s}{}% 31
\BOOKMARK [1][-]{section.10}{\376\377\0001\0000\000\040\000C\000o\000n\000c\000l\000u\000s\000i\000o\000n}{}% 32
\BOOKMARK [2][-]{subsection.10.1}{\376\377\0001\0000\000.\0001\000\040\000P\000r\000i\000m\000a\000r\000y\000\040\000F\000i\000n\000d\000i\000n\000g\000s}{section.10}% 33
\BOOKMARK [2][-]{subsection.10.2}{\376\377\0001\0000\000.\0002\000\040\000D\000e\000s\000i\000g\000n\000\040\000S\000p\000a\000c\000e\000\040\000I\000n\000s\000i\000g\000h\000t\000s}{section.10}% 34
\BOOKMARK [2][-]{subsection.10.3}{\376\377\0001\0000\000.\0003\000\040\000P\000r\000a\000c\000t\000i\000c\000a\000l\000\040\000G\000u\000i\000d\000a\000n\000c\000e}{section.10}% 35
\BOOKMARK [2][-]{subsection.10.4}{\376\377\0001\0000\000.\0004\000\040\000S\000u\000m\000m\000a\000r\000y}{section.10}% 36
\BOOKMARK [1][-]{section*.7}{\376\377\000A\000p\000p\000e\000n\000d\000i\000x\000\040\000A\000:\000\040\000A\000b\000l\000a\000t\000i\000o\000n\000\040\000S\000t\000u\000d\000i\000e\000s}{}% 37
\BOOKMARK [2][-]{subsection.Alph0.1}{\376\377\000.\0001\000\040\000C\000a\000c\000h\000e\000\040\000S\000i\000z\000e\000\040\000S\000e\000n\000s\000i\000t\000i\000v\000i\000t\000y}{section*.7}% 38
\BOOKMARK [2][-]{subsection.Alph0.2}{\376\377\000.\0002\000\040\000C\000a\000c\000h\000e\000\040\000I\000m\000p\000l\000e\000m\000e\000n\000t\000a\000t\000i\000o\000n\000\040\000R\000o\000b\000u\000s\000t\000n\000e\000s\000s}{section*.7}% 39
\BOOKMARK [2][-]{subsection.Alph0.3}{\376\377\000.\0003\000\040\000C\000l\000a\000u\000s\000e\000\040\000B\000o\000d\000y\000\040\000C\000o\000s\000t\000\040\000I\000m\000p\000a\000c\000t}{section*.7}% 40
\BOOKMARK [1][-]{section*.8}{\376\377\000A\000p\000p\000e\000n\000d\000i\000x\000\040\000B\000:\000\040\000E\000x\000t\000e\000n\000d\000e\000d\000\040\000D\000e\000s\000i\000g\000n\000\040\000S\000p\000a\000c\000e\000\040\000V\000a\000l\000i\000d\000a\000t\000i\000o\000n}{}% 41
\BOOKMARK [2][-]{subsection.Alph0.4}{\376\377\000.\0004\000\040\000E\000x\000p\000e\000n\000s\000i\000v\000e\000\040\000P\000r\000e\000d\000i\000c\000a\000t\000e\000s\000:\000\040\000J\000I\000T\000\040\000v\000s\000.\000\040\000C\000o\000n\000s\000e\000r\000v\000a\000t\000i\000v\000e\000\040\000C\000o\000m\000p\000i\000l\000a\000t\000i\000o\000n}{section*.8}% 42
\BOOKMARK [2][-]{subsection.Alph0.5}{\376\377\000.\0005\000\040\000L\000a\000z\000y\000\040\000J\000I\000T\000\040\000C\000o\000l\000d\000-\000S\000t\000a\000r\000t\000:\000\040\000I\000n\000t\000e\000r\000p\000r\000e\000t\000a\000t\000i\000o\000n\000\040\000O\000p\000t\000i\000m\000i\000z\000a\000t\000i\000o\000n}{section*.8}% 43
\BOOKMARK [2][-]{subsection.Alph0.6}{\376\377\000.\0006\000\040\000C\000o\000n\000c\000l\000u\000s\000i\000o\000n}{section*.8}% 44
\BOOKMARK [1][-]{section*.10}{\376\377\000R\000e\000f\000e\000r\000e\000n\000c\000e\000s}{}% 45
